// Jest Snapshot v1, https://goo.gl/fbAQLP

exports[`renders correctly 1`] = `
<div
  className="loader"
>
  <svg
    className="circular"
    viewBox="25 25 50 50"
  >
    <circle
      className="path"
      cx="50"
      cy="50"
      fill="none"
      r="20"
      stroke-miterlimit="10"
      stroke-width="2"
    />
  </svg>
</div>
`;
